#
# There is insufficient memory for the Java Runtime Environment to continue.
# Native memory allocation (mmap) failed to map 65536 bytes for Failed to commit area from 0x0000022a42650000 to 0x0000022a42660000 of length 65536.
# Possible reasons:
#   The system is out of physical RAM or swap space
#   The process is running with CompressedOops enabled, and the Java Heap may be blocking the growth of the native heap
# Possible solutions:
#   Reduce memory load on the system
#   Increase physical memory or swap space
#   Check if swap backing store is full
#   Decrease Java heap size (-Xmx/-Xms)
#   Decrease number of Java threads
#   Decrease Java thread stack sizes (-Xss)
#   Set larger code cache with -XX:ReservedCodeCacheSize=
# This output file may be truncated or incomplete.
#
#  Out of Memory Error (./src/hotspot/os/windows/os_windows.cpp:3521), pid=165552, tid=166448
#
# JRE version:  (11.0.12+7) (build )
# Java VM: OpenJDK 64-Bit Server VM (11.0.12+7-b1504.40, mixed mode, sharing, tiered, compressed oops, g1 gc, windows-amd64)
# No core dump will be written. Minidumps are not enabled by default on client versions of Windows
#

---------------  S U M M A R Y ------------

Command Line: git4idea.http.GitAskPassApp Username for 'https://gitee.com': 

Host: AMD Ryzen 7 5800H with Radeon Graphics         , 16 cores, 31G,  Windows 10 , 64 bit Build 19041 (10.0.19041.1348)
Time: Tue Nov 30 23:51:28 2021 中国标准时间 elapsed time: 0.011335 seconds (0d 0h 0m 0s)

---------------  T H R E A D  ---------------

Current thread (0x0000022a2bd22800):  JavaThread "Unknown thread" [_thread_in_vm, id=166448, stack(0x000000a760000000,0x000000a760100000)]

Stack: [0x000000a760000000,0x000000a760100000]
Native frames: (J=compiled Java code, j=interpreted, Vv=VM code, C=native code)
V  [jvm.dll+0x5ff40a]
V  [jvm.dll+0x783b65]
V  [jvm.dll+0x78517d]
V  [jvm.dll+0x785833]
V  [jvm.dll+0x249408]
V  [jvm.dll+0x5fc7f4]
V  [jvm.dll+0x5f13c5]
V  [jvm.dll+0x3076bb]
V  [jvm.dll+0x30762a]
V  [jvm.dll+0x307502]
V  [jvm.dll+0x30c575]
V  [jvm.dll+0x355555]
V  [jvm.dll+0x355c46]
V  [jvm.dll+0x355643]
V  [jvm.dll+0x2e2018]
V  [jvm.dll+0x2e31c7]
V  [jvm.dll+0x761f57]
V  [jvm.dll+0x76374c]
V  [jvm.dll+0x362ab9]
V  [jvm.dll+0x7455be]
V  [jvm.dll+0x3cb673]
V  [jvm.dll+0x3cda21]
C  [jli.dll+0x536b]
C  [ucrtbase.dll+0x21bb2]
C  [KERNEL32.DLL+0x17034]
C  [ntdll.dll+0x52651]


---------------  P R O C E S S  ---------------

Threads class SMR info:
_java_thread_list=0x0000022a29b43c00, length=0, elements={
}

Java Threads: ( => current thread )

Other Threads:
  0x0000022a29c1b000 GCTaskThread "GC Thread#0" [stack: 0x000000a760100000,0x000000a760200000] [id=147828]
  0x0000022a2bdbb800 ConcurrentGCThread "G1 Main Marker" [stack: 0x000000a760200000,0x000000a760300000] [id=165312]
  0x0000022a2bdbd000 ConcurrentGCThread "G1 Conc#0" [stack: 0x000000a760300000,0x000000a760400000] [id=168604]

[error occurred during error reporting (printing all threads), id 0xc0000005, EXCEPTION_ACCESS_VIOLATION (0xc0000005) at pc=0x00007ffddcf927a7]

VM state:not at safepoint (not fully initialized)

VM Mutex/Monitor currently owned by a thread:  ([mutex/lock_event])
[0x0000022a2bd1f3a0] Heap_lock - owner thread: 0x0000022a2bd22800

Heap address: 0x0000000602000000, size: 8160 MB, Compressed Oops mode: Non-zero based: 0x0000000602000000
Narrow klass base: 0x0000000000000000, Narrow klass shift: 0

GC Heap History (0 events):
No events

Deoptimization events (0 events):
No events

Classes redefined (0 events):
No events

Internal exceptions (0 events):
No events

Events (1 events):
Event: 0.006 Loaded shared library C:\Program Files\JetBrains\CLion 2021.2\jbr\bin\zip.dll


Dynamic libraries:
0x00007ff7c3bf0000 - 0x00007ff7c3bfa000 	C:\Program Files\JetBrains\CLion 2021.2\jbr\bin\java.exe
0x00007ffe28950000 - 0x00007ffe28b45000 	C:\Windows\SYSTEM32\ntdll.dll
0x00007ffe27450000 - 0x00007ffe2750e000 	C:\Windows\System32\KERNEL32.DLL
0x00007ffe261e0000 - 0x00007ffe264a8000 	C:\Windows\System32\KERNELBASE.dll
0x00007ffe26610000 - 0x00007ffe26710000 	C:\Windows\System32\ucrtbase.dll
0x00007ffe09390000 - 0x00007ffe093a9000 	C:\Program Files\JetBrains\CLion 2021.2\jbr\bin\jli.dll
0x00007ffe06cf0000 - 0x00007ffe06d07000 	C:\Program Files\JetBrains\CLion 2021.2\jbr\bin\VCRUNTIME140.dll
0x00007ffe26d80000 - 0x00007ffe26f21000 	C:\Windows\System32\USER32.dll
0x00007ffe26970000 - 0x00007ffe26992000 	C:\Windows\System32\win32u.dll
0x00007ffe26bc0000 - 0x00007ffe26beb000 	C:\Windows\System32\GDI32.dll
0x00007ffe17600000 - 0x00007ffe1789a000 	C:\Windows\WinSxS\amd64_microsoft.windows.common-controls_6595b64144ccf1df_6.0.19041.1110_none_60b5254171f9507e\COMCTL32.dll
0x00007ffe260d0000 - 0x00007ffe261db000 	C:\Windows\System32\gdi32full.dll
0x00007ffe26c80000 - 0x00007ffe26d1e000 	C:\Windows\System32\msvcrt.dll
0x00007ffe26570000 - 0x00007ffe2660d000 	C:\Windows\System32\msvcp_win.dll
0x00007ffe279f0000 - 0x00007ffe27a20000 	C:\Windows\System32\IMM32.DLL
0x00007ffdf38a0000 - 0x00007ffdf393d000 	C:\Program Files\JetBrains\CLion 2021.2\jbr\bin\msvcp140.dll
0x00007ffddcca0000 - 0x00007ffddd7f8000 	C:\Program Files\JetBrains\CLion 2021.2\jbr\bin\server\jvm.dll
0x00007ffe28120000 - 0x00007ffe281cc000 	C:\Windows\System32\ADVAPI32.dll
0x00007ffe269a0000 - 0x00007ffe26a3b000 	C:\Windows\System32\sechost.dll
0x00007ffe27bd0000 - 0x00007ffe27cfa000 	C:\Windows\System32\RPCRT4.dll
0x00007ffe27d00000 - 0x00007ffe27d08000 	C:\Windows\System32\PSAPI.DLL
0x00007ffe17dc0000 - 0x00007ffe17de7000 	C:\Windows\SYSTEM32\WINMM.dll
0x00007ffe0a800000 - 0x00007ffe0a809000 	C:\Windows\SYSTEM32\WSOCK32.dll
0x00007ffe1e3c0000 - 0x00007ffe1e3ca000 	C:\Windows\SYSTEM32\VERSION.dll
0x00007ffe27510000 - 0x00007ffe2757b000 	C:\Windows\System32\WS2_32.dll
0x00007ffe248f0000 - 0x00007ffe24902000 	C:\Windows\SYSTEM32\kernel.appcore.dll
0x00007ffe20870000 - 0x00007ffe20881000 	C:\Program Files\JetBrains\CLion 2021.2\jbr\bin\verify.dll
0x00007ffe246e0000 - 0x00007ffe248c4000 	C:\Windows\SYSTEM32\DBGHELP.DLL
0x00007ffe1cc40000 - 0x00007ffe1cc6c000 	C:\Windows\SYSTEM32\dbgcore.DLL
0x00007ffe264e0000 - 0x00007ffe26563000 	C:\Windows\System32\bcryptPrimitives.dll
0x00007ffe20840000 - 0x00007ffe20869000 	C:\Program Files\JetBrains\CLion 2021.2\jbr\bin\java.dll
0x00007ffe20f60000 - 0x00007ffe20f6b000 	C:\Program Files\JetBrains\CLion 2021.2\jbr\bin\jimage.dll
0x00007ffe20820000 - 0x00007ffe20838000 	C:\Program Files\JetBrains\CLion 2021.2\jbr\bin\zip.dll

dbghelp: loaded successfully - version: 4.0.5 - missing functions: none
symbol engine: initialized successfully - sym options: 0x614 - pdb path: .;C:\Program Files\JetBrains\CLion 2021.2\jbr\bin;C:\Windows\SYSTEM32;C:\Windows\WinSxS\amd64_microsoft.windows.common-controls_6595b64144ccf1df_6.0.19041.1110_none_60b5254171f9507e;C:\Program Files\JetBrains\CLion 2021.2\jbr\bin\server

VM Arguments:
java_command: git4idea.http.GitAskPassApp Username for 'https://gitee.com': 
java_class_path (initial): C:/Program Files/JetBrains/CLion 2021.2/plugins/git4idea/lib/git4idea-rt.jar;C:/Program Files/JetBrains/CLion 2021.2/lib/3rd-party.jar
Launcher Type: SUN_STANDARD

[Global flags]
     intx CICompilerCount                          = 12                                        {product} {ergonomic}
     uint ConcGCThreads                            = 3                                         {product} {ergonomic}
     uint G1ConcRefinementThreads                  = 13                                        {product} {ergonomic}
   size_t G1HeapRegionSize                         = 2097152                                   {product} {ergonomic}
    uintx GCDrainStackTargetSize                   = 64                                        {product} {ergonomic}
   size_t InitialHeapSize                          = 534773760                                 {product} {ergonomic}
   size_t MarkStackSize                            = 4194304                                   {product} {ergonomic}
   size_t MaxHeapSize                              = 8556380160                                {product} {ergonomic}
   size_t MinHeapDeltaBytes                        = 2097152                                   {product} {ergonomic}
    uintx NonNMethodCodeHeapSize                   = 7594288                                {pd product} {ergonomic}
    uintx NonProfiledCodeHeapSize                  = 122031976                              {pd product} {ergonomic}
    uintx ProfiledCodeHeapSize                     = 122031976                              {pd product} {ergonomic}
    uintx ReservedCodeCacheSize                    = 251658240                              {pd product} {ergonomic}
     bool SegmentedCodeCache                       = true                                      {product} {ergonomic}
     bool UseCompressedClassPointers               = true                                 {lp64_product} {ergonomic}
     bool UseCompressedOops                        = true                                 {lp64_product} {ergonomic}
     bool UseG1GC                                  = true                                      {product} {ergonomic}
     bool UseLargePagesIndividualAllocation        = false                                  {pd product} {ergonomic}

Logging:
Log output configuration:
 #0: stdout all=warning uptime,level,tags
 #1: stderr all=off uptime,level,tags

Environment Variables:
PATH=C:\Program Files\Git\mingw64\libexec\git-core;C:\Program Files\Git\mingw64\libexec\git-core;C:\Program Files\Git\mingw64\bin;C:\Program Files\Git\usr\bin;C:\Users\happyrust\bin;C:\ActiveTcl\bin;C:\VulkanSDK\1.2.189.1\Bin;C:\Program Files\Common Files\Oracle\Java\javapath;C:\PROGRA~1\PTC\MKSTOO~1\bin64;C:\PROGRA~1\PTC\MKSTOO~1\bin;C:\PROGRA~1\PTC\MKSTOO~1\bin\X11;C:\PROGRA~1\PTC\MKSTOO~1\mksnt;C:\Windows\system32;C:\Windows;C:\Windows\System32\Wbem;C:\Windows\System32\WindowsPowerShell\v1.0;C:\Windows\System32\OpenSSH;C:\Program Files (x86)\NVIDIA Corporation\PhysX\Common;C:\Program Files\NVIDIA Corporation\NVIDIA NvDLISR;C:\Program Files\Microsoft VS Code\bin;C:\Program Files\Git\cmd;C:\Program Files\dotnet;C:\Program Files\Microsoft SQL Server\130\Tools\Binn;C:\Program Files\CMake\bin;C:\Program Files (x86)\Common Files\Aveva Shared\Plot;C:\Program Files\Common Files\Autodesk Shared;C:\Users\happyrust\AppData\Local\Programs\Python\Python38;C:\Strawberry\c\bin;C:\Strawberry\perl\site\bin;C:\Strawberry\perl\bin;C:\Program Files\nodejs;C:\Program Files\010 Editor;C:\Users\happyrust\AppData\Local\Programs\Python\Python38\Scripts;E:\gtk3\bin;C:\Users\happyrust\.cargo\bin;C:\Users\happyrust\AppData\Local\Microsoft\WindowsApps;C:\Program Files\JetBrains\CLion 2021.2\bin;C:\Users\happyrust\.dotnet\tools;C:\Users\happyrust\AppData\Roaming\npm;C:\Program Files\JetBrains\WebStorm 2021.2.3\bin
USERNAME=happyrust
DISPLAY=:0.0
LC_ALL=en_US.UTF-8
OS=Windows_NT
PROCESSOR_IDENTIFIER=AMD64 Family 25 Model 80 Stepping 0, AuthenticAMD



---------------  S Y S T E M  ---------------

OS: Windows 10 , 64 bit Build 19041 (10.0.19041.1348)
OS uptime: 17 days 4:41 hours

CPU:total 16 (initial active 16) (16 cores per cpu, 2 threads per core) family 25 model 80 stepping 0 microcode 0x0, cmov, cx8, fxsr, mmx, sse, sse2, sse3, ssse3, sse4.1, sse4.2, popcnt, avx, avx2, aes, clmul, erms, mmxext, 3dnowpref, lzcnt, sse4a, ht, tsc, tscinvbit, tscinv, bmi1, bmi2, adx, sha, fma

Memory: 4k page, system-wide physical 32636M (2202M free)
TotalPageFile size 67924M (AvailPageFile size 3M)
current process WorkingSet (physical memory assigned to process): 10M, peak: 10M
current process commit charge ("private bytes"): 587M, peak: 587M

vm_info: OpenJDK 64-Bit Server VM (11.0.12+7-b1504.40) for windows-amd64 JRE (11.0.12+7-b1504.40), built on Sep 23 2021 14:38:03 by "" with MS VC++ 14.0 (VS2015)

END.
